2025-06-20T00:01:47.732+08:00  INFO 12561 --- [project] [RMI TCP Connection(284)-127.0.0.1] inMXBeanRegistrar$SpringApplicationAdmin : Application shutdown requested.
2025-06-20T00:01:47.749+08:00  INFO 12561 --- [project] [RMI TCP Connection(284)-127.0.0.1] o.s.b.w.e.tomcat.GracefulShutdown        : Commencing graceful shutdown. Waiting for active requests to complete
2025-06-20T00:01:47.751+08:00  INFO 12561 --- [project] [tomcat-shutdown] o.s.b.w.e.tomcat.GracefulShutdown        : Graceful shutdown complete
2025-06-20T00:01:47.758+08:00  INFO 12561 --- [project] [RMI TCP Connection(284)-127.0.0.1] j.LocalContainerEntityManagerFactoryBean : Closing JPA EntityManagerFactory for persistence unit 'default'
2025-06-20T00:01:47.766+08:00  INFO 12561 --- [project] [RMI TCP Connection(284)-127.0.0.1] com.zaxxer.hikari.HikariDataSource       : HikariPool-1 - Shutdown initiated...
2025-06-20T00:01:47.767+08:00  INFO 12561 --- [project] [RMI TCP Connection(284)-127.0.0.1] com.zaxxer.hikari.HikariDataSource       : HikariPool-1 - Shutdown completed.
2025-06-20T10:07:15.111+08:00  INFO 3378 --- [project] [main] com.example.demo.ProjectApplication      : Starting ProjectApplication using Java 21.0.6 with PID 3378 (/Users/linmei-chia/git/travelaccount/project/target/classes started by linmei-chia in /Users/linmei-chia/git/travelaccount/project)
2025-06-20T10:07:15.112+08:00  INFO 3378 --- [project] [main] com.example.demo.ProjectApplication      : No active profile set, falling back to 1 default profile: "default"
2025-06-20T10:07:15.418+08:00  INFO 3378 --- [project] [main] .s.d.r.c.RepositoryConfigurationDelegate : Multiple Spring Data modules found, entering strict repository configuration mode
2025-06-20T10:07:15.418+08:00  INFO 3378 --- [project] [main] .s.d.r.c.RepositoryConfigurationDelegate : Bootstrapping Spring Data JDBC repositories in DEFAULT mode.
2025-06-20T10:07:15.433+08:00  INFO 3378 --- [project] [main] .RepositoryConfigurationExtensionSupport : Spring Data JDBC - Could not safely identify store assignment for repository candidate interface com.example.demo.account.repository.CategoryRepository; If you want this repository to be a JDBC repository, consider annotating your entities with one of these annotations: org.springframework.data.relational.core.mapping.Table.
2025-06-20T10:07:15.434+08:00  INFO 3378 --- [project] [main] .RepositoryConfigurationExtensionSupport : Spring Data JDBC - Could not safely identify store assignment for repository candidate interface com.example.demo.account.repository.CountryListRepository; If you want this repository to be a JDBC repository, consider annotating your entities with one of these annotations: org.springframework.data.relational.core.mapping.Table.
2025-06-20T10:07:15.434+08:00  INFO 3378 --- [project] [main] .RepositoryConfigurationExtensionSupport : Spring Data JDBC - Could not safely identify store assignment for repository candidate interface com.example.demo.account.repository.CountryPlanRepository; If you want this repository to be a JDBC repository, consider annotating your entities with one of these annotations: org.springframework.data.relational.core.mapping.Table.
2025-06-20T10:07:15.435+08:00  INFO 3378 --- [project] [main] .RepositoryConfigurationExtensionSupport : Spring Data JDBC - Could not safely identify store assignment for repository candidate interface com.example.demo.account.repository.JourneyRepository; If you want this repository to be a JDBC repository, consider annotating your entities with one of these annotations: org.springframework.data.relational.core.mapping.Table.
2025-06-20T10:07:15.435+08:00  INFO 3378 --- [project] [main] .RepositoryConfigurationExtensionSupport : Spring Data JDBC - Could not safely identify store assignment for repository candidate interface com.example.demo.account.repository.TravelMoneyRepository; If you want this repository to be a JDBC repository, consider annotating your entities with one of these annotations: org.springframework.data.relational.core.mapping.Table.
2025-06-20T10:07:15.435+08:00  INFO 3378 --- [project] [main] .RepositoryConfigurationExtensionSupport : Spring Data JDBC - Could not safely identify store assignment for repository candidate interface com.example.demo.account.repository.UserRepository; If you want this repository to be a JDBC repository, consider annotating your entities with one of these annotations: org.springframework.data.relational.core.mapping.Table.
2025-06-20T10:07:15.436+08:00  INFO 3378 --- [project] [main] .s.d.r.c.RepositoryConfigurationDelegate : Finished Spring Data repository scanning in 15 ms. Found 0 JDBC repository interfaces.
2025-06-20T10:07:15.441+08:00  INFO 3378 --- [project] [main] .s.d.r.c.RepositoryConfigurationDelegate : Multiple Spring Data modules found, entering strict repository configuration mode
2025-06-20T10:07:15.441+08:00  INFO 3378 --- [project] [main] .s.d.r.c.RepositoryConfigurationDelegate : Bootstrapping Spring Data JPA repositories in DEFAULT mode.
2025-06-20T10:07:15.458+08:00  INFO 3378 --- [project] [main] .s.d.r.c.RepositoryConfigurationDelegate : Finished Spring Data repository scanning in 14 ms. Found 6 JPA repository interfaces.
2025-06-20T10:07:15.691+08:00  INFO 3378 --- [project] [main] o.s.b.w.embedded.tomcat.TomcatWebServer  : Tomcat initialized with port 8085 (http)
2025-06-20T10:07:15.699+08:00  INFO 3378 --- [project] [main] o.apache.catalina.core.StandardService   : Starting service [Tomcat]
2025-06-20T10:07:15.699+08:00  INFO 3378 --- [project] [main] o.apache.catalina.core.StandardEngine    : Starting Servlet engine: [Apache Tomcat/10.1.40]
2025-06-20T10:07:15.792+08:00  INFO 3378 --- [project] [main] org.apache.jasper.servlet.TldScanner     : At least one JAR was scanned for TLDs yet contained no TLDs. Enable debug logging for this logger for a complete list of JARs that were scanned but no TLDs were found in them. Skipping unneeded JARs during scanning can improve startup time and JSP compilation time.
2025-06-20T10:07:15.800+08:00  INFO 3378 --- [project] [main] o.a.c.c.C.[Tomcat].[localhost].[/]       : Initializing Spring embedded WebApplicationContext
2025-06-20T10:07:15.800+08:00  INFO 3378 --- [project] [main] w.s.c.ServletWebServerApplicationContext : Root WebApplicationContext: initialization completed in 671 ms
2025-06-20T10:07:15.873+08:00  INFO 3378 --- [project] [main] o.hibernate.jpa.internal.util.LogHelper  : HHH000204: Processing PersistenceUnitInfo [name: default]
2025-06-20T10:07:15.908+08:00  INFO 3378 --- [project] [main] org.hibernate.Version                    : HHH000412: Hibernate ORM core version 6.6.13.Final
2025-06-20T10:07:15.926+08:00  INFO 3378 --- [project] [main] o.h.c.internal.RegionFactoryInitiator    : HHH000026: Second-level cache disabled
2025-06-20T10:07:16.075+08:00  INFO 3378 --- [project] [main] o.s.o.j.p.SpringPersistenceUnitInfo      : No LoadTimeWeaver setup: ignoring JPA class transformer
2025-06-20T10:07:16.089+08:00  INFO 3378 --- [project] [main] com.zaxxer.hikari.HikariDataSource       : HikariPool-1 - Starting...
2025-06-20T10:07:16.190+08:00  INFO 3378 --- [project] [main] com.zaxxer.hikari.pool.HikariPool        : HikariPool-1 - Added connection com.mysql.cj.jdbc.ConnectionImpl@1fbd5e0
2025-06-20T10:07:16.191+08:00  INFO 3378 --- [project] [main] com.zaxxer.hikari.HikariDataSource       : HikariPool-1 - Start completed.
2025-06-20T10:07:16.244+08:00  INFO 3378 --- [project] [main] org.hibernate.orm.connections.pooling    : HHH10001005: Database info:
	Database JDBC URL [Connecting through datasource 'HikariDataSource (HikariPool-1)']
	Database driver: undefined/unknown
	Database version: 9.2
	Autocommit mode: undefined/unknown
	Isolation level: undefined/unknown
	Minimum pool size: undefined/unknown
	Maximum pool size: undefined/unknown
2025-06-20T10:07:16.688+08:00  INFO 3378 --- [project] [main] o.h.e.t.j.p.i.JtaPlatformInitiator       : HHH000489: No JTA platform available (set 'hibernate.transaction.jta.platform' to enable JTA platform integration)
2025-06-20T10:07:16.750+08:00  INFO 3378 --- [project] [main] j.LocalContainerEntityManagerFactoryBean : Initialized JPA EntityManagerFactory for persistence unit 'default'
2025-06-20T10:07:16.853+08:00  INFO 3378 --- [project] [main] o.s.d.j.r.query.QueryEnhancerFactory     : Hibernate is in classpath; If applicable, HQL parser will be used.
2025-06-20T10:07:17.126+08:00  INFO 3378 --- [project] [main] o.s.b.w.embedded.tomcat.TomcatWebServer  : Tomcat started on port 8085 (http) with context path '/'
2025-06-20T10:07:17.130+08:00  INFO 3378 --- [project] [main] com.example.demo.ProjectApplication      : Started ProjectApplication in 2.184 seconds (process running for 2.608)
